yarn run v1.22.22
$ "G:\NODEJS\WEBCMS ERP2\cmsnewerp2\node_modules\.bin\tsc" --noEmit
src/pages/kinhdoanh/ycsxmanager/YCSXManager.tsx(471,13): error TS2304: Cannot find name 'uploadQuery'.
src/pages/kinhdoanh/ycsxmanager/YCSXManager.tsx(472,22): error TS7006: Parameter 'response' implicitly has an 'any' type.
src/pages/kinhdoanh/ycsxmanager/YCSXManager.tsx(474,19): error TS2304: Cannot find name 'generalQuery'.
src/pages/kinhdoanh/ycsxmanager/YCSXManager.tsx(478,28): error TS7006: Parameter 'response' implicitly has an 'any' type.
src/pages/kinhdoanh/ycsxmanager/YCSXManager.tsx(504,29): error TS7006: Parameter 'error' implicitly has an 'any' type.
src/pages/kinhdoanh/ycsxmanager/YCSXManager.tsx(515,23): error TS7006: Parameter 'error' implicitly has an 'any' type.
src/pages/kinhdoanh/ycsxmanager/YCSXManager.tsx(941,13): error TS2304: Cannot find name 'uploadQuery'.
src/pages/kinhdoanh/ycsxmanager/YCSXManager.tsx(942,22): error TS7006: Parameter 'response' implicitly has an 'any' type.
src/pages/kinhdoanh/ycsxmanager/YCSXManager.tsx(944,19): error TS2304: Cannot find name 'generalQuery'.
src/pages/kinhdoanh/ycsxmanager/YCSXManager.tsx(948,28): error TS7006: Parameter 'response' implicitly has an 'any' type.
src/pages/kinhdoanh/ycsxmanager/YCSXManager.tsx(972,29): error TS7006: Parameter 'error' implicitly has an 'any' type.
src/pages/kinhdoanh/ycsxmanager/YCSXManager.tsx(983,23): error TS7006: Parameter 'error' implicitly has an 'any' type.
src/pages/kinhdoanh/ycsxmanager/YCSXManager.tsx(1128,11): error TS2304: Cannot find name 'generalQuery'.
src/pages/kinhdoanh/ycsxmanager/YCSXManager.tsx(1131,14): error TS7006: Parameter 'response' implicitly has an 'any' type.
src/pages/kinhdoanh/ycsxmanager/YCSXManager.tsx(1143,15): error TS7006: Parameter 'error' implicitly has an 'any' type.
src/pages/kinhdoanh/ycsxmanager/YCSXManager.tsx(1214,34): error TS2304: Cannot find name 'getCompany'.
src/pages/kinhdoanh/ycsxmanager/YCSXManager.tsx(1248,19): error TS2304: Cannot find name 'generalQuery'.
src/pages/kinhdoanh/ycsxmanager/YCSXManager.tsx(1256,22): error TS7006: Parameter 'response' implicitly has an 'any' type.
src/pages/kinhdoanh/ycsxmanager/YCSXManager.tsx(1263,23): error TS7006: Parameter 'error' implicitly has an 'any' type.
src/pages/kinhdoanh/ycsxmanager/YCSXManager.tsx(1267,17): error TS2304: Cannot find name 'generalQuery'.
src/pages/kinhdoanh/ycsxmanager/YCSXManager.tsx(1277,20): error TS7006: Parameter 'response' implicitly has an 'any' type.
src/pages/kinhdoanh/ycsxmanager/YCSXManager.tsx(1285,21): error TS7006: Parameter 'error' implicitly has an 'any' type.
src/pages/kinhdoanh/ycsxmanager/YCSXManager.tsx(1381,97): error TS2304: Cannot find name 'getCompany'.
src/pages/kinhdoanh/ycsxmanager/YCSXManager.tsx(1383,69): error TS2304: Cannot find name 'getCompany'.
src/pages/kinhdoanh/ycsxmanager/YCSXManager.tsx(1385,47): error TS2304: Cannot find name 'getCompany'.
src/pages/kinhdoanh/ycsxmanager/YCSXManager.tsx(1441,97): error TS2304: Cannot find name 'getCompany'.
src/pages/kinhdoanh/ycsxmanager/YCSXManager.tsx(1443,69): error TS2304: Cannot find name 'getCompany'.
src/pages/kinhdoanh/ycsxmanager/YCSXManager.tsx(1445,47): error TS2304: Cannot find name 'getCompany'.
src/pages/kinhdoanh/ycsxmanager/YCSXManager.tsx(1548,18): error TS2304: Cannot find name 'getCompany'.
src/pages/kinhdoanh/ycsxmanager/YCSXManager.tsx(1689,19): error TS2304: Cannot find name 'getUserData'.
src/pages/kinhdoanh/ycsxmanager/YCSXManager.tsx(1689,46): error TS2304: Cannot find name 'getUserData'.
src/pages/kinhdoanh/ycsxmanager/YCSXManager.tsx(1689,77): error TS2304: Cannot find name 'getUserData'.
src/pages/kinhdoanh/ycsxmanager/YCSXManager.tsx(1689,118): error TS2304: Cannot find name 'getUserData'.
src/pages/kinhdoanh/ycsxmanager/YCSXManager.tsx(1698,7): error TS2304: Cannot find name 'getSocket'.
src/pages/kinhdoanh/ycsxmanager/YCSXManager.tsx(1800,96): error TS2304: Cannot find name 'getCompany'.
src/pages/kinhdoanh/ycsxmanager/YCSXManager.tsx(1802,67): error TS2304: Cannot find name 'getCompany'.
src/pages/kinhdoanh/ycsxmanager/YCSXManager.tsx(1804,45): error TS2304: Cannot find name 'getCompany'.
src/pages/kinhdoanh/ycsxmanager/YCSXManager.tsx(1901,25): error TS2304: Cannot find name 'getUserData'.
src/pages/kinhdoanh/ycsxmanager/YCSXManager.tsx(1901,52): error TS2304: Cannot find name 'getUserData'.
src/pages/kinhdoanh/ycsxmanager/YCSXManager.tsx(1901,83): error TS2304: Cannot find name 'getUserData'.
src/pages/kinhdoanh/ycsxmanager/YCSXManager.tsx(1901,124): error TS2304: Cannot find name 'getUserData'.
src/pages/kinhdoanh/ycsxmanager/YCSXManager.tsx(1910,13): error TS2304: Cannot find name 'getSocket'.
src/pages/kinhdoanh/ycsxmanager/YCSXManager.tsx(1912,14): error TS2304: Cannot find name 'getCompany'.
src/pages/kinhdoanh/ycsxmanager/YCSXManager.tsx(1984,25): error TS2304: Cannot find name 'getUserData'.
src/pages/kinhdoanh/ycsxmanager/YCSXManager.tsx(1984,52): error TS2304: Cannot find name 'getUserData'.
src/pages/kinhdoanh/ycsxmanager/YCSXManager.tsx(1984,83): error TS2304: Cannot find name 'getUserData'.
src/pages/kinhdoanh/ycsxmanager/YCSXManager.tsx(1984,124): error TS2304: Cannot find name 'getUserData'.
src/pages/kinhdoanh/ycsxmanager/YCSXManager.tsx(1993,13): error TS2304: Cannot find name 'getSocket'.
src/pages/kinhdoanh/ycsxmanager/YCSXManager.tsx(2140,17): error TS2304: Cannot find name 'generalQuery'.
src/pages/kinhdoanh/ycsxmanager/YCSXManager.tsx(2144,20): error TS7006: Parameter 'response' implicitly has an 'any' type.
src/pages/kinhdoanh/ycsxmanager/YCSXManager.tsx(2152,21): error TS7006: Parameter 'error' implicitly has an 'any' type.
src/pages/kinhdoanh/ycsxmanager/YCSXManager.tsx(2172,15): error TS2304: Cannot find name 'generalQuery'.
src/pages/kinhdoanh/ycsxmanager/YCSXManager.tsx(2176,18): error TS7006: Parameter 'response' implicitly has an 'any' type.
src/pages/kinhdoanh/ycsxmanager/YCSXManager.tsx(2183,19): error TS7006: Parameter 'error' implicitly has an 'any' type.
src/pages/kinhdoanh/ycsxmanager/YCSXManager.tsx(2204,15): error TS2304: Cannot find name 'generalQuery'.
src/pages/kinhdoanh/ycsxmanager/YCSXManager.tsx(2208,18): error TS7006: Parameter 'response' implicitly has an 'any' type.
src/pages/kinhdoanh/ycsxmanager/YCSXManager.tsx(2215,19): error TS7006: Parameter 'error' implicitly has an 'any' type.
src/pages/kinhdoanh/ycsxmanager/YCSXManager.tsx(2236,15): error TS2304: Cannot find name 'generalQuery'.
src/pages/kinhdoanh/ycsxmanager/YCSXManager.tsx(2240,18): error TS7006: Parameter 'response' implicitly has an 'any' type.
src/pages/kinhdoanh/ycsxmanager/YCSXManager.tsx(2247,19): error TS7006: Parameter 'error' implicitly has an 'any' type.
src/pages/kinhdoanh/ycsxmanager/YCSXManager.tsx(2462,11): error TS2304: Cannot find name 'generalQuery'.
src/pages/kinhdoanh/ycsxmanager/YCSXManager.tsx(2463,14): error TS7006: Parameter 'response' implicitly has an 'any' type.
src/pages/kinhdoanh/ycsxmanager/YCSXManager.tsx(2470,11): error TS2304: Cannot find name 'generalQuery'.
src/pages/kinhdoanh/ycsxmanager/YCSXManager.tsx(2473,20): error TS7006: Parameter 'response' implicitly has an 'any' type.
src/pages/kinhdoanh/ycsxmanager/YCSXManager.tsx(2482,21): error TS7006: Parameter 'error' implicitly has an 'any' type.
src/pages/kinhdoanh/ycsxmanager/YCSXManager.tsx(2492,15): error TS7006: Parameter 'error' implicitly has an 'any' type.
src/pages/kinhdoanh/ycsxmanager/YCSXManager.tsx(2583,18): error TS2304: Cannot find name 'getCompany'.
src/pages/kinhdoanh/ycsxmanager/YCSXManager.tsx(2637,16): error TS2304: Cannot find name 'getCompany'.
src/pages/kinhdoanh/ycsxmanager/YCSXManager.tsx(2653,16): error TS2304: Cannot find name 'getCompany'.
src/pages/kinhdoanh/ycsxmanager/YCSXManager.tsx(2974,18): error TS2304: Cannot find name 'getCompany'.
src/pages/kinhdoanh/ycsxmanager/YCSXManager.tsx(3198,26): error TS2304: Cannot find name 'getCompany'.
src/pages/kinhdoanh/ycsxmanager/YCSXManager.tsx(3215,22): error TS2304: Cannot find name 'getCompany'.
src/pages/kinhdoanh/ycsxmanager/YCSXManager.tsx(3347,30): error TS2304: Cannot find name 'getCompany'.
src/pages/kinhdoanh/ycsxmanager/YCSXManager.tsx(3410,26): error TS2304: Cannot find name 'getCompany'.
src/pages/kinhdoanh/ycsxmanager/YCSXManager.tsx(3595,30): error TS2304: Cannot find name 'getCompany'.
src/pages/kinhdoanh/ycsxmanager/YCSXManager.tsx(3668,26): error TS2304: Cannot find name 'getCompany'.
src/pages/kinhdoanh/ycsxmanager/YCSXManager.tsx(3811,10): error TS2304: Cannot find name 'getCompany'.
src/pages/kinhdoanh/ycsxmanager/YCSXManager.tsx(3902,10): error TS2304: Cannot find name 'getCompany'.
node.exe : error Command failed with exit 
code 2.
At C:\Users\vip70\AppData\Roaming\npm\yarn.ps1
:24 char:5
+     & "node$exe"  
"$basedir/node_modules/yarn/bin/yarn.js" $args
+     ~~~~~~~~~~~~~~~~~~~~~~~~~~~~~~~~~~~~~~~~
~~~~~~~~~~~~~~~~~~~~
    + CategoryInfo          : NotSpecified:   
  (error Command failed with exit code 2.:    
String) [], RemoteException
    + FullyQualifiedErrorId : NativeCommandE  
  rror
 
info Visit https://yarnpkg.com/en/docs/cli/run for documentation about this command.
